Error:
	Equal states found: (name: 2, type: normal) and (name: 3, type: normal)
