Alphabet:
	{0, 1, 2, 3, 4, 5, 6, 7, 8, 9}
States:
	(name: 1, type: start)
	(name: 2, type: stock)
	(name: 3, type: terminal)
Edges:
	(from: 1, to: 3, moves: 1)
	(from: 1, to: 2, moves: 0,2,3,4,5,6,7,8,9)
	(from: 2, to: 2, moves: 0,1,2,3,4,5,6,7,8,9)
	(from: 3, to: 2, moves: 0,1,2,3,4,5,6,7,8,9)
