Alphabet:
	{0, 1, 2, 3, 4, 5, 6, 7, 8, 9}
States:
	(name: 1, type: start)
	(name: 2, type: terminal)
	(name: 3, type: terminal)
	(name: 4, type: stock)
Edges:
	(from: 1, to: 2, moves: 1,2,3,4,5,6,7,8,9)
	(from: 1, to: 3, moves: 0)
	(from: 2, to: 2, moves: 0,1,2,3,4,5,6,7,8,9)
	(from: 3, to: 4, moves: 0,1,2,3,4,5,6,7,8,9)
	(from: 4, to: 4, moves: 0,1,2,3,4,5,6,7,8,9)
