Error:
	Size of automat and number of states differ
